2026-04-18 15:26:58,067 - main - INFO - ==================================================
2026-04-18 15:26:58,068 - main - INFO - 开始训练情感分析模型
2026-04-18 15:26:58,068 - main - INFO - ==================================================
2026-04-18 15:26:58,069 - main - INFO - 使用示例数据
2026-04-18 15:26:58,091 - main - INFO - 
训练信息:
2026-04-18 15:26:58,091 - main - INFO -   training_samples: 16
2026-04-18 15:26:58,091 - main - INFO -   feature_dimensions: (16, 146)
2026-04-18 15:26:58,091 - main - INFO -   cv_mean_accuracy: 0.35
2026-04-18 15:26:58,091 - main - INFO -   cv_std_accuracy: 0.23804761428476165
2026-04-18 15:26:58,091 - main - INFO - 
评估模型性能...
2026-04-18 15:26:58,102 - main - INFO - 
评估结果:
2026-04-18 15:26:58,102 - main - INFO -   准确率: 0.5000
2026-04-18 15:26:58,102 - main - INFO -   精确率: 0.0000
2026-04-18 15:26:58,102 - main - INFO -   召回率: 0.0000
2026-04-18 15:26:58,102 - main - INFO -   F1分数: 0.0000
2026-04-18 15:26:58,104 - main - INFO - 
==================================================
2026-04-18 15:26:58,104 - main - INFO - 模型训练完成并已保存
2026-04-18 15:26:58,104 - main - INFO - ==================================================
