2026-04-18 15:26:22,778 - sentiment_analysis.Predictor - WARNING - 默认模型不存在，预测器未加载模型
2026-04-18 15:26:22,779 - sentiment_analysis.Predictor - INFO - 预测器初始化完成
2026-04-18 15:26:22,799 - sentiment_analysis.Predictor - INFO - 加载默认模型
2026-04-18 15:26:22,837 - sentiment_analysis.Predictor - INFO - 预测器初始化完成
2026-04-18 15:26:22,867 - sentiment_analysis.Predictor - INFO - 加载默认模型
2026-04-18 15:26:22,873 - sentiment_analysis.Predictor - INFO - 预测器初始化完成
2026-04-18 15:26:22,901 - sentiment_analysis.Predictor - INFO - 加载默认模型
2026-04-18 15:26:22,905 - sentiment_analysis.Predictor - INFO - 预测器初始化完成
2026-04-18 15:26:22,927 - sentiment_analysis.Predictor - INFO - 加载默认模型
2026-04-18 15:26:22,930 - sentiment_analysis.Predictor - INFO - 预测器初始化完成
2026-04-18 15:26:22,948 - sentiment_analysis.Predictor - INFO - 加载默认模型
2026-04-18 15:26:22,951 - sentiment_analysis.Predictor - INFO - 预测器初始化完成
2026-04-18 15:26:22,955 - sentiment_analysis.Predictor - WARNING - 默认模型不存在，预测器未加载模型
2026-04-18 15:26:22,956 - sentiment_analysis.Predictor - INFO - 预测器初始化完成
2026-04-18 15:26:22,973 - sentiment_analysis.Predictor - INFO - 加载默认模型
2026-04-18 15:26:22,976 - sentiment_analysis.Predictor - INFO - 预测器初始化完成
2026-04-18 15:26:22,976 - sentiment_analysis.Predictor - INFO - 批量预测: 3 条文本
2026-04-18 15:26:22,977 - sentiment_analysis.Predictor - INFO - 批量预测完成
2026-04-18 15:26:22,996 - sentiment_analysis.Predictor - INFO - 加载默认模型
2026-04-18 15:26:22,999 - sentiment_analysis.Predictor - INFO - 预测器初始化完成
2026-04-18 15:26:23,016 - sentiment_analysis.Predictor - INFO - 加载默认模型
2026-04-18 15:26:23,020 - sentiment_analysis.Predictor - INFO - 预测器初始化完成
2026-04-18 15:26:23,020 - sentiment_analysis.Predictor - INFO - 批量预测: 2 条文本
2026-04-18 15:26:23,021 - sentiment_analysis.Predictor - INFO - 批量预测完成
2026-04-18 15:26:23,041 - sentiment_analysis.Predictor - INFO - 加载默认模型
2026-04-18 15:26:23,044 - sentiment_analysis.Predictor - INFO - 预测器初始化完成
2026-04-18 15:26:23,044 - sentiment_analysis.Predictor - INFO - 从缓存加载默认模型
2026-04-18 15:26:23,044 - sentiment_analysis.Predictor - INFO - 预测器初始化完成
2026-04-18 15:26:23,065 - sentiment_analysis.Predictor - INFO - 加载默认模型
2026-04-18 15:26:23,067 - sentiment_analysis.Predictor - INFO - 预测器初始化完成
2026-04-18 15:26:23,067 - sentiment_analysis.Predictor - INFO - 加载默认模型
2026-04-18 15:26:23,068 - sentiment_analysis.Predictor - INFO - 预测器初始化完成
2026-04-18 15:26:23,087 - sentiment_analysis.Predictor - WARNING - 默认模型不存在，预测器未加载模型
2026-04-18 15:26:23,088 - sentiment_analysis.Predictor - INFO - 预测器初始化完成
2026-04-18 15:26:46,941 - sentiment_analysis.Predictor - WARNING - 默认模型不存在，预测器未加载模型
2026-04-18 15:26:46,943 - sentiment_analysis.Predictor - INFO - 预测器初始化完成
2026-04-18 15:26:46,965 - sentiment_analysis.Predictor - INFO - 加载默认模型
2026-04-18 15:26:46,969 - sentiment_analysis.Predictor - INFO - 预测器初始化完成
2026-04-18 15:26:46,988 - sentiment_analysis.Predictor - INFO - 加载默认模型
2026-04-18 15:26:46,991 - sentiment_analysis.Predictor - INFO - 预测器初始化完成
2026-04-18 15:26:47,010 - sentiment_analysis.Predictor - INFO - 加载默认模型
2026-04-18 15:26:47,013 - sentiment_analysis.Predictor - INFO - 预测器初始化完成
2026-04-18 15:26:47,033 - sentiment_analysis.Predictor - INFO - 加载默认模型
2026-04-18 15:26:47,035 - sentiment_analysis.Predictor - INFO - 预测器初始化完成
2026-04-18 15:26:47,058 - sentiment_analysis.Predictor - INFO - 加载默认模型
2026-04-18 15:26:47,061 - sentiment_analysis.Predictor - INFO - 预测器初始化完成
2026-04-18 15:26:47,064 - sentiment_analysis.Predictor - WARNING - 默认模型不存在，预测器未加载模型
2026-04-18 15:26:47,066 - sentiment_analysis.Predictor - INFO - 预测器初始化完成
2026-04-18 15:26:47,086 - sentiment_analysis.Predictor - INFO - 加载默认模型
2026-04-18 15:26:47,090 - sentiment_analysis.Predictor - INFO - 预测器初始化完成
2026-04-18 15:26:47,090 - sentiment_analysis.Predictor - INFO - 批量预测: 3 条文本
2026-04-18 15:26:47,091 - sentiment_analysis.Predictor - INFO - 批量预测完成
2026-04-18 15:26:47,110 - sentiment_analysis.Predictor - INFO - 加载默认模型
2026-04-18 15:26:47,113 - sentiment_analysis.Predictor - INFO - 预测器初始化完成
2026-04-18 15:26:47,133 - sentiment_analysis.Predictor - INFO - 加载默认模型
2026-04-18 15:26:47,136 - sentiment_analysis.Predictor - INFO - 预测器初始化完成
2026-04-18 15:26:47,136 - sentiment_analysis.Predictor - INFO - 批量预测: 2 条文本
2026-04-18 15:26:47,136 - sentiment_analysis.Predictor - INFO - 批量预测完成
2026-04-18 15:26:47,156 - sentiment_analysis.Predictor - INFO - 加载默认模型
2026-04-18 15:26:47,161 - sentiment_analysis.Predictor - INFO - 预测器初始化完成
2026-04-18 15:26:47,161 - sentiment_analysis.Predictor - INFO - 从缓存加载默认模型
2026-04-18 15:26:47,161 - sentiment_analysis.Predictor - INFO - 预测器初始化完成
2026-04-18 15:26:47,182 - sentiment_analysis.Predictor - INFO - 加载默认模型
2026-04-18 15:26:47,185 - sentiment_analysis.Predictor - INFO - 预测器初始化完成
2026-04-18 15:26:47,185 - sentiment_analysis.Predictor - INFO - 加载默认模型
2026-04-18 15:26:47,186 - sentiment_analysis.Predictor - INFO - 预测器初始化完成
2026-04-18 15:27:08,173 - sentiment_analysis.Predictor - INFO - 加载默认模型
2026-04-18 15:27:08,176 - sentiment_analysis.Predictor - INFO - 预测器初始化完成
2026-04-18 15:27:17,440 - sentiment_analysis.Predictor - INFO - 加载默认模型
2026-04-18 15:27:17,442 - sentiment_analysis.Predictor - INFO - 预测器初始化完成
2026-04-18 15:27:17,442 - sentiment_analysis.Predictor - INFO - 批量预测: 3 条文本
2026-04-18 15:27:17,444 - sentiment_analysis.Predictor - INFO - 批量预测完成
